Copyright 1986-2022 Xilinx, Inc. All Rights Reserved. Copyright 2022-2025 Advanced Micro Devices, Inc. All Rights Reserved.
-----------------------------------------------------------------------------------------------------------------------------------------------------------------
| Tool Version : Vivado v.2025.1 (win64) Build 6140274 Thu May 22 00:12:29 MDT 2025
| Date         : Mon Dec  8 17:15:29 2025
| Host         : DESKTOP-VG1816S running 64-bit major release  (build 9200)
| Command      : report_methodology -file top_level_methodology_drc_routed.rpt -pb top_level_methodology_drc_routed.pb -rpx top_level_methodology_drc_routed.rpx
| Design       : top_level
| Device       : xc7s50csga324-1
| Speed File   : -1
| Design State : Fully Routed
-----------------------------------------------------------------------------------------------------------------------------------------------------------------

Report Methodology

Table of Contents
-----------------
1. REPORT SUMMARY
2. REPORT DETAILS

1. REPORT SUMMARY
-----------------
            Netlist: netlist
          Floorplan: design_1
      Design limits: <entire design considered>
             Max checks: <unlimited>
             Checks found: 149
+-----------+----------+-------------------------------+--------+
| Rule      | Severity | Description                   | Checks |
+-----------+----------+-------------------------------+--------+
| TIMING-18 | Warning  | Missing input or output delay | 21     |
| TIMING-23 | Warning  | Combinational loop found      | 128    |
+-----------+----------+-------------------------------+--------+

2. REPORT DETAILS
-----------------
TIMING-18#1 Warning
Missing input or output delay  
An input delay is missing on BTN[0] relative to the rising and/or falling clock edge(s) of CLK_100MHZ.
Related violations: <none>

TIMING-18#2 Warning
Missing input or output delay  
An input delay is missing on BTN[1] relative to the rising and/or falling clock edge(s) of CLK_100MHZ.
Related violations: <none>

TIMING-18#3 Warning
Missing input or output delay  
An input delay is missing on BTN[2] relative to the rising and/or falling clock edge(s) of CLK_100MHZ.
Related violations: <none>

TIMING-18#4 Warning
Missing input or output delay  
An input delay is missing on BTN[3] relative to the rising and/or falling clock edge(s) of CLK_100MHZ.
Related violations: <none>

TIMING-18#5 Warning
Missing input or output delay  
An output delay is missing on LED[0] relative to the rising and/or falling clock edge(s) of CLK_100MHZ.
Related violations: <none>

TIMING-18#6 Warning
Missing input or output delay  
An output delay is missing on LED[10] relative to the rising and/or falling clock edge(s) of CLK_100MHZ.
Related violations: <none>

TIMING-18#7 Warning
Missing input or output delay  
An output delay is missing on LED[11] relative to the rising and/or falling clock edge(s) of CLK_100MHZ.
Related violations: <none>

TIMING-18#8 Warning
Missing input or output delay  
An output delay is missing on LED[12] relative to the rising and/or falling clock edge(s) of CLK_100MHZ.
Related violations: <none>

TIMING-18#9 Warning
Missing input or output delay  
An output delay is missing on LED[13] relative to the rising and/or falling clock edge(s) of CLK_100MHZ.
Related violations: <none>

TIMING-18#10 Warning
Missing input or output delay  
An output delay is missing on LED[14] relative to the rising and/or falling clock edge(s) of CLK_100MHZ.
Related violations: <none>

TIMING-18#11 Warning
Missing input or output delay  
An output delay is missing on LED[15] relative to the rising and/or falling clock edge(s) of CLK_100MHZ.
Related violations: <none>

TIMING-18#12 Warning
Missing input or output delay  
An output delay is missing on LED[1] relative to the rising and/or falling clock edge(s) of CLK_100MHZ.
Related violations: <none>

TIMING-18#13 Warning
Missing input or output delay  
An output delay is missing on LED[2] relative to the rising and/or falling clock edge(s) of CLK_100MHZ.
Related violations: <none>

TIMING-18#14 Warning
Missing input or output delay  
An output delay is missing on LED[3] relative to the rising and/or falling clock edge(s) of CLK_100MHZ.
Related violations: <none>

TIMING-18#15 Warning
Missing input or output delay  
An output delay is missing on LED[4] relative to the rising and/or falling clock edge(s) of CLK_100MHZ.
Related violations: <none>

TIMING-18#16 Warning
Missing input or output delay  
An output delay is missing on LED[5] relative to the rising and/or falling clock edge(s) of CLK_100MHZ.
Related violations: <none>

TIMING-18#17 Warning
Missing input or output delay  
An output delay is missing on LED[6] relative to the rising and/or falling clock edge(s) of CLK_100MHZ.
Related violations: <none>

TIMING-18#18 Warning
Missing input or output delay  
An output delay is missing on LED[7] relative to the rising and/or falling clock edge(s) of CLK_100MHZ.
Related violations: <none>

TIMING-18#19 Warning
Missing input or output delay  
An output delay is missing on LED[8] relative to the rising and/or falling clock edge(s) of CLK_100MHZ.
Related violations: <none>

TIMING-18#20 Warning
Missing input or output delay  
An output delay is missing on LED[9] relative to the rising and/or falling clock edge(s) of CLK_100MHZ.
Related violations: <none>

TIMING-18#21 Warning
Missing input or output delay  
An output delay is missing on UART_TXD relative to the rising and/or falling clock edge(s) of CLK_100MHZ.
Related violations: <none>

TIMING-23#1 Warning
Combinational loop found  
A timing loop has been detected on a combinational path. A timing arc has been disabled between inst/l_ro_inst[0].ro_i/node_inferred_i_1/I0 and inst/l_ro_inst[0].ro_i/node_inferred_i_1/O to disable the timing loop
Related violations: <none>

TIMING-23#2 Warning
Combinational loop found  
A timing loop has been detected on a combinational path. A timing arc has been disabled between inst/l_ro_inst[100].ro_i/node_inferred_i_1/I0 and inst/l_ro_inst[100].ro_i/node_inferred_i_1/O to disable the timing loop
Related violations: <none>

TIMING-23#3 Warning
Combinational loop found  
A timing loop has been detected on a combinational path. A timing arc has been disabled between inst/l_ro_inst[101].ro_i/node_inferred_i_1/I0 and inst/l_ro_inst[101].ro_i/node_inferred_i_1/O to disable the timing loop
Related violations: <none>

TIMING-23#4 Warning
Combinational loop found  
A timing loop has been detected on a combinational path. A timing arc has been disabled between inst/l_ro_inst[102].ro_i/node_inferred_i_1/I0 and inst/l_ro_inst[102].ro_i/node_inferred_i_1/O to disable the timing loop
Related violations: <none>

TIMING-23#5 Warning
Combinational loop found  
A timing loop has been detected on a combinational path. A timing arc has been disabled between inst/l_ro_inst[103].ro_i/node_inferred_i_1/I0 and inst/l_ro_inst[103].ro_i/node_inferred_i_1/O to disable the timing loop
Related violations: <none>

TIMING-23#6 Warning
Combinational loop found  
A timing loop has been detected on a combinational path. A timing arc has been disabled between inst/l_ro_inst[104].ro_i/node_inferred_i_1/I0 and inst/l_ro_inst[104].ro_i/node_inferred_i_1/O to disable the timing loop
Related violations: <none>

TIMING-23#7 Warning
Combinational loop found  
A timing loop has been detected on a combinational path. A timing arc has been disabled between inst/l_ro_inst[105].ro_i/node_inferred_i_1/I0 and inst/l_ro_inst[105].ro_i/node_inferred_i_1/O to disable the timing loop
Related violations: <none>

TIMING-23#8 Warning
Combinational loop found  
A timing loop has been detected on a combinational path. A timing arc has been disabled between inst/l_ro_inst[106].ro_i/node_inferred_i_1/I0 and inst/l_ro_inst[106].ro_i/node_inferred_i_1/O to disable the timing loop
Related violations: <none>

TIMING-23#9 Warning
Combinational loop found  
A timing loop has been detected on a combinational path. A timing arc has been disabled between inst/l_ro_inst[107].ro_i/node_inferred_i_1/I0 and inst/l_ro_inst[107].ro_i/node_inferred_i_1/O to disable the timing loop
Related violations: <none>

TIMING-23#10 Warning
Combinational loop found  
A timing loop has been detected on a combinational path. A timing arc has been disabled between inst/l_ro_inst[108].ro_i/node_inferred_i_1/I0 and inst/l_ro_inst[108].ro_i/node_inferred_i_1/O to disable the timing loop
Related violations: <none>

TIMING-23#11 Warning
Combinational loop found  
A timing loop has been detected on a combinational path. A timing arc has been disabled between inst/l_ro_inst[109].ro_i/node_inferred_i_1/I0 and inst/l_ro_inst[109].ro_i/node_inferred_i_1/O to disable the timing loop
Related violations: <none>

TIMING-23#12 Warning
Combinational loop found  
A timing loop has been detected on a combinational path. A timing arc has been disabled between inst/l_ro_inst[10].ro_i/node_inferred_i_1/I0 and inst/l_ro_inst[10].ro_i/node_inferred_i_1/O to disable the timing loop
Related violations: <none>

TIMING-23#13 Warning
Combinational loop found  
A timing loop has been detected on a combinational path. A timing arc has been disabled between inst/l_ro_inst[110].ro_i/node_inferred_i_1/I0 and inst/l_ro_inst[110].ro_i/node_inferred_i_1/O to disable the timing loop
Related violations: <none>

TIMING-23#14 Warning
Combinational loop found  
A timing loop has been detected on a combinational path. A timing arc has been disabled between inst/l_ro_inst[111].ro_i/node_inferred_i_1/I0 and inst/l_ro_inst[111].ro_i/node_inferred_i_1/O to disable the timing loop
Related violations: <none>

TIMING-23#15 Warning
Combinational loop found  
A timing loop has been detected on a combinational path. A timing arc has been disabled between inst/l_ro_inst[112].ro_i/node_inferred_i_1/I0 and inst/l_ro_inst[112].ro_i/node_inferred_i_1/O to disable the timing loop
Related violations: <none>

TIMING-23#16 Warning
Combinational loop found  
A timing loop has been detected on a combinational path. A timing arc has been disabled between inst/l_ro_inst[113].ro_i/node_inferred_i_1/I0 and inst/l_ro_inst[113].ro_i/node_inferred_i_1/O to disable the timing loop
Related violations: <none>

TIMING-23#17 Warning
Combinational loop found  
A timing loop has been detected on a combinational path. A timing arc has been disabled between inst/l_ro_inst[114].ro_i/node_inferred_i_1/I0 and inst/l_ro_inst[114].ro_i/node_inferred_i_1/O to disable the timing loop
Related violations: <none>

TIMING-23#18 Warning
Combinational loop found  
A timing loop has been detected on a combinational path. A timing arc has been disabled between inst/l_ro_inst[115].ro_i/node_inferred_i_1/I0 and inst/l_ro_inst[115].ro_i/node_inferred_i_1/O to disable the timing loop
Related violations: <none>

TIMING-23#19 Warning
Combinational loop found  
A timing loop has been detected on a combinational path. A timing arc has been disabled between inst/l_ro_inst[116].ro_i/node_inferred_i_1/I0 and inst/l_ro_inst[116].ro_i/node_inferred_i_1/O to disable the timing loop
Related violations: <none>

TIMING-23#20 Warning
Combinational loop found  
A timing loop has been detected on a combinational path. A timing arc has been disabled between inst/l_ro_inst[117].ro_i/node_inferred_i_1/I0 and inst/l_ro_inst[117].ro_i/node_inferred_i_1/O to disable the timing loop
Related violations: <none>

TIMING-23#21 Warning
Combinational loop found  
A timing loop has been detected on a combinational path. A timing arc has been disabled between inst/l_ro_inst[118].ro_i/node_inferred_i_1/I0 and inst/l_ro_inst[118].ro_i/node_inferred_i_1/O to disable the timing loop
Related violations: <none>

TIMING-23#22 Warning
Combinational loop found  
A timing loop has been detected on a combinational path. A timing arc has been disabled between inst/l_ro_inst[119].ro_i/node_inferred_i_1/I0 and inst/l_ro_inst[119].ro_i/node_inferred_i_1/O to disable the timing loop
Related violations: <none>

TIMING-23#23 Warning
Combinational loop found  
A timing loop has been detected on a combinational path. A timing arc has been disabled between inst/l_ro_inst[11].ro_i/node_inferred_i_1/I0 and inst/l_ro_inst[11].ro_i/node_inferred_i_1/O to disable the timing loop
Related violations: <none>

TIMING-23#24 Warning
Combinational loop found  
A timing loop has been detected on a combinational path. A timing arc has been disabled between inst/l_ro_inst[120].ro_i/node_inferred_i_1/I0 and inst/l_ro_inst[120].ro_i/node_inferred_i_1/O to disable the timing loop
Related violations: <none>

TIMING-23#25 Warning
Combinational loop found  
A timing loop has been detected on a combinational path. A timing arc has been disabled between inst/l_ro_inst[121].ro_i/node_inferred_i_1/I0 and inst/l_ro_inst[121].ro_i/node_inferred_i_1/O to disable the timing loop
Related violations: <none>

TIMING-23#26 Warning
Combinational loop found  
A timing loop has been detected on a combinational path. A timing arc has been disabled between inst/l_ro_inst[122].ro_i/node_inferred_i_1/I0 and inst/l_ro_inst[122].ro_i/node_inferred_i_1/O to disable the timing loop
Related violations: <none>

TIMING-23#27 Warning
Combinational loop found  
A timing loop has been detected on a combinational path. A timing arc has been disabled between inst/l_ro_inst[123].ro_i/node_inferred_i_1/I0 and inst/l_ro_inst[123].ro_i/node_inferred_i_1/O to disable the timing loop
Related violations: <none>

TIMING-23#28 Warning
Combinational loop found  
A timing loop has been detected on a combinational path. A timing arc has been disabled between inst/l_ro_inst[124].ro_i/node_inferred_i_1/I0 and inst/l_ro_inst[124].ro_i/node_inferred_i_1/O to disable the timing loop
Related violations: <none>

TIMING-23#29 Warning
Combinational loop found  
A timing loop has been detected on a combinational path. A timing arc has been disabled between inst/l_ro_inst[125].ro_i/node_inferred_i_1/I0 and inst/l_ro_inst[125].ro_i/node_inferred_i_1/O to disable the timing loop
Related violations: <none>

TIMING-23#30 Warning
Combinational loop found  
A timing loop has been detected on a combinational path. A timing arc has been disabled between inst/l_ro_inst[126].ro_i/node_inferred_i_1/I0 and inst/l_ro_inst[126].ro_i/node_inferred_i_1/O to disable the timing loop
Related violations: <none>

TIMING-23#31 Warning
Combinational loop found  
A timing loop has been detected on a combinational path. A timing arc has been disabled between inst/l_ro_inst[127].ro_i/node_inferred_i_1/I0 and inst/l_ro_inst[127].ro_i/node_inferred_i_1/O to disable the timing loop
Related violations: <none>

TIMING-23#32 Warning
Combinational loop found  
A timing loop has been detected on a combinational path. A timing arc has been disabled between inst/l_ro_inst[12].ro_i/node_inferred_i_1/I0 and inst/l_ro_inst[12].ro_i/node_inferred_i_1/O to disable the timing loop
Related violations: <none>

TIMING-23#33 Warning
Combinational loop found  
A timing loop has been detected on a combinational path. A timing arc has been disabled between inst/l_ro_inst[13].ro_i/node_inferred_i_1/I0 and inst/l_ro_inst[13].ro_i/node_inferred_i_1/O to disable the timing loop
Related violations: <none>

TIMING-23#34 Warning
Combinational loop found  
A timing loop has been detected on a combinational path. A timing arc has been disabled between inst/l_ro_inst[14].ro_i/node_inferred_i_1/I0 and inst/l_ro_inst[14].ro_i/node_inferred_i_1/O to disable the timing loop
Related violations: <none>

TIMING-23#35 Warning
Combinational loop found  
A timing loop has been detected on a combinational path. A timing arc has been disabled between inst/l_ro_inst[15].ro_i/node_inferred_i_1/I0 and inst/l_ro_inst[15].ro_i/node_inferred_i_1/O to disable the timing loop
Related violations: <none>

TIMING-23#36 Warning
Combinational loop found  
A timing loop has been detected on a combinational path. A timing arc has been disabled between inst/l_ro_inst[16].ro_i/node_inferred_i_1/I0 and inst/l_ro_inst[16].ro_i/node_inferred_i_1/O to disable the timing loop
Related violations: <none>

TIMING-23#37 Warning
Combinational loop found  
A timing loop has been detected on a combinational path. A timing arc has been disabled between inst/l_ro_inst[17].ro_i/node_inferred_i_1/I0 and inst/l_ro_inst[17].ro_i/node_inferred_i_1/O to disable the timing loop
Related violations: <none>

TIMING-23#38 Warning
Combinational loop found  
A timing loop has been detected on a combinational path. A timing arc has been disabled between inst/l_ro_inst[18].ro_i/node_inferred_i_1/I0 and inst/l_ro_inst[18].ro_i/node_inferred_i_1/O to disable the timing loop
Related violations: <none>

TIMING-23#39 Warning
Combinational loop found  
A timing loop has been detected on a combinational path. A timing arc has been disabled between inst/l_ro_inst[19].ro_i/node_inferred_i_1/I0 and inst/l_ro_inst[19].ro_i/node_inferred_i_1/O to disable the timing loop
Related violations: <none>

TIMING-23#40 Warning
Combinational loop found  
A timing loop has been detected on a combinational path. A timing arc has been disabled between inst/l_ro_inst[1].ro_i/node_inferred_i_1/I0 and inst/l_ro_inst[1].ro_i/node_inferred_i_1/O to disable the timing loop
Related violations: <none>

TIMING-23#41 Warning
Combinational loop found  
A timing loop has been detected on a combinational path. A timing arc has been disabled between inst/l_ro_inst[20].ro_i/node_inferred_i_1/I0 and inst/l_ro_inst[20].ro_i/node_inferred_i_1/O to disable the timing loop
Related violations: <none>

TIMING-23#42 Warning
Combinational loop found  
A timing loop has been detected on a combinational path. A timing arc has been disabled between inst/l_ro_inst[21].ro_i/node_inferred_i_1/I0 and inst/l_ro_inst[21].ro_i/node_inferred_i_1/O to disable the timing loop
Related violations: <none>

TIMING-23#43 Warning
Combinational loop found  
A timing loop has been detected on a combinational path. A timing arc has been disabled between inst/l_ro_inst[22].ro_i/node_inferred_i_1/I0 and inst/l_ro_inst[22].ro_i/node_inferred_i_1/O to disable the timing loop
Related violations: <none>

TIMING-23#44 Warning
Combinational loop found  
A timing loop has been detected on a combinational path. A timing arc has been disabled between inst/l_ro_inst[23].ro_i/node_inferred_i_1/I0 and inst/l_ro_inst[23].ro_i/node_inferred_i_1/O to disable the timing loop
Related violations: <none>

TIMING-23#45 Warning
Combinational loop found  
A timing loop has been detected on a combinational path. A timing arc has been disabled between inst/l_ro_inst[24].ro_i/node_inferred_i_1/I0 and inst/l_ro_inst[24].ro_i/node_inferred_i_1/O to disable the timing loop
Related violations: <none>

TIMING-23#46 Warning
Combinational loop found  
A timing loop has been detected on a combinational path. A timing arc has been disabled between inst/l_ro_inst[25].ro_i/node_inferred_i_1/I0 and inst/l_ro_inst[25].ro_i/node_inferred_i_1/O to disable the timing loop
Related violations: <none>

TIMING-23#47 Warning
Combinational loop found  
A timing loop has been detected on a combinational path. A timing arc has been disabled between inst/l_ro_inst[26].ro_i/node_inferred_i_1/I0 and inst/l_ro_inst[26].ro_i/node_inferred_i_1/O to disable the timing loop
Related violations: <none>

TIMING-23#48 Warning
Combinational loop found  
A timing loop has been detected on a combinational path. A timing arc has been disabled between inst/l_ro_inst[27].ro_i/node_inferred_i_1/I0 and inst/l_ro_inst[27].ro_i/node_inferred_i_1/O to disable the timing loop
Related violations: <none>

TIMING-23#49 Warning
Combinational loop found  
A timing loop has been detected on a combinational path. A timing arc has been disabled between inst/l_ro_inst[28].ro_i/node_inferred_i_1/I0 and inst/l_ro_inst[28].ro_i/node_inferred_i_1/O to disable the timing loop
Related violations: <none>

TIMING-23#50 Warning
Combinational loop found  
A timing loop has been detected on a combinational path. A timing arc has been disabled between inst/l_ro_inst[29].ro_i/node_inferred_i_1/I0 and inst/l_ro_inst[29].ro_i/node_inferred_i_1/O to disable the timing loop
Related violations: <none>

TIMING-23#51 Warning
Combinational loop found  
A timing loop has been detected on a combinational path. A timing arc has been disabled between inst/l_ro_inst[2].ro_i/node_inferred_i_1/I0 and inst/l_ro_inst[2].ro_i/node_inferred_i_1/O to disable the timing loop
Related violations: <none>

TIMING-23#52 Warning
Combinational loop found  
A timing loop has been detected on a combinational path. A timing arc has been disabled between inst/l_ro_inst[30].ro_i/node_inferred_i_1/I0 and inst/l_ro_inst[30].ro_i/node_inferred_i_1/O to disable the timing loop
Related violations: <none>

TIMING-23#53 Warning
Combinational loop found  
A timing loop has been detected on a combinational path. A timing arc has been disabled between inst/l_ro_inst[31].ro_i/node_inferred_i_1/I0 and inst/l_ro_inst[31].ro_i/node_inferred_i_1/O to disable the timing loop
Related violations: <none>

TIMING-23#54 Warning
Combinational loop found  
A timing loop has been detected on a combinational path. A timing arc has been disabled between inst/l_ro_inst[32].ro_i/node_inferred_i_1/I0 and inst/l_ro_inst[32].ro_i/node_inferred_i_1/O to disable the timing loop
Related violations: <none>

TIMING-23#55 Warning
Combinational loop found  
A timing loop has been detected on a combinational path. A timing arc has been disabled between inst/l_ro_inst[33].ro_i/node_inferred_i_1/I0 and inst/l_ro_inst[33].ro_i/node_inferred_i_1/O to disable the timing loop
Related violations: <none>

TIMING-23#56 Warning
Combinational loop found  
A timing loop has been detected on a combinational path. A timing arc has been disabled between inst/l_ro_inst[34].ro_i/node_inferred_i_1/I0 and inst/l_ro_inst[34].ro_i/node_inferred_i_1/O to disable the timing loop
Related violations: <none>

TIMING-23#57 Warning
Combinational loop found  
A timing loop has been detected on a combinational path. A timing arc has been disabled between inst/l_ro_inst[35].ro_i/node_inferred_i_1/I0 and inst/l_ro_inst[35].ro_i/node_inferred_i_1/O to disable the timing loop
Related violations: <none>

TIMING-23#58 Warning
Combinational loop found  
A timing loop has been detected on a combinational path. A timing arc has been disabled between inst/l_ro_inst[36].ro_i/node_inferred_i_1/I0 and inst/l_ro_inst[36].ro_i/node_inferred_i_1/O to disable the timing loop
Related violations: <none>

TIMING-23#59 Warning
Combinational loop found  
A timing loop has been detected on a combinational path. A timing arc has been disabled between inst/l_ro_inst[37].ro_i/node_inferred_i_1/I0 and inst/l_ro_inst[37].ro_i/node_inferred_i_1/O to disable the timing loop
Related violations: <none>

TIMING-23#60 Warning
Combinational loop found  
A timing loop has been detected on a combinational path. A timing arc has been disabled between inst/l_ro_inst[38].ro_i/node_inferred_i_1/I0 and inst/l_ro_inst[38].ro_i/node_inferred_i_1/O to disable the timing loop
Related violations: <none>

TIMING-23#61 Warning
Combinational loop found  
A timing loop has been detected on a combinational path. A timing arc has been disabled between inst/l_ro_inst[39].ro_i/node_inferred_i_1/I0 and inst/l_ro_inst[39].ro_i/node_inferred_i_1/O to disable the timing loop
Related violations: <none>

TIMING-23#62 Warning
Combinational loop found  
A timing loop has been detected on a combinational path. A timing arc has been disabled between inst/l_ro_inst[3].ro_i/node_inferred_i_1/I0 and inst/l_ro_inst[3].ro_i/node_inferred_i_1/O to disable the timing loop
Related violations: <none>

TIMING-23#63 Warning
Combinational loop found  
A timing loop has been detected on a combinational path. A timing arc has been disabled between inst/l_ro_inst[40].ro_i/node_inferred_i_1/I0 and inst/l_ro_inst[40].ro_i/node_inferred_i_1/O to disable the timing loop
Related violations: <none>

TIMING-23#64 Warning
Combinational loop found  
A timing loop has been detected on a combinational path. A timing arc has been disabled between inst/l_ro_inst[41].ro_i/node_inferred_i_1/I0 and inst/l_ro_inst[41].ro_i/node_inferred_i_1/O to disable the timing loop
Related violations: <none>

TIMING-23#65 Warning
Combinational loop found  
A timing loop has been detected on a combinational path. A timing arc has been disabled between inst/l_ro_inst[42].ro_i/node_inferred_i_1/I0 and inst/l_ro_inst[42].ro_i/node_inferred_i_1/O to disable the timing loop
Related violations: <none>

TIMING-23#66 Warning
Combinational loop found  
A timing loop has been detected on a combinational path. A timing arc has been disabled between inst/l_ro_inst[43].ro_i/node_inferred_i_1/I0 and inst/l_ro_inst[43].ro_i/node_inferred_i_1/O to disable the timing loop
Related violations: <none>

TIMING-23#67 Warning
Combinational loop found  
A timing loop has been detected on a combinational path. A timing arc has been disabled between inst/l_ro_inst[44].ro_i/node_inferred_i_1/I0 and inst/l_ro_inst[44].ro_i/node_inferred_i_1/O to disable the timing loop
Related violations: <none>

TIMING-23#68 Warning
Combinational loop found  
A timing loop has been detected on a combinational path. A timing arc has been disabled between inst/l_ro_inst[45].ro_i/node_inferred_i_1/I0 and inst/l_ro_inst[45].ro_i/node_inferred_i_1/O to disable the timing loop
Related violations: <none>

TIMING-23#69 Warning
Combinational loop found  
A timing loop has been detected on a combinational path. A timing arc has been disabled between inst/l_ro_inst[46].ro_i/node_inferred_i_1/I0 and inst/l_ro_inst[46].ro_i/node_inferred_i_1/O to disable the timing loop
Related violations: <none>

TIMING-23#70 Warning
Combinational loop found  
A timing loop has been detected on a combinational path. A timing arc has been disabled between inst/l_ro_inst[47].ro_i/node_inferred_i_1/I0 and inst/l_ro_inst[47].ro_i/node_inferred_i_1/O to disable the timing loop
Related violations: <none>

TIMING-23#71 Warning
Combinational loop found  
A timing loop has been detected on a combinational path. A timing arc has been disabled between inst/l_ro_inst[48].ro_i/node_inferred_i_1/I0 and inst/l_ro_inst[48].ro_i/node_inferred_i_1/O to disable the timing loop
Related violations: <none>

TIMING-23#72 Warning
Combinational loop found  
A timing loop has been detected on a combinational path. A timing arc has been disabled between inst/l_ro_inst[49].ro_i/node_inferred_i_1/I0 and inst/l_ro_inst[49].ro_i/node_inferred_i_1/O to disable the timing loop
Related violations: <none>

TIMING-23#73 Warning
Combinational loop found  
A timing loop has been detected on a combinational path. A timing arc has been disabled between inst/l_ro_inst[4].ro_i/node_inferred_i_1/I0 and inst/l_ro_inst[4].ro_i/node_inferred_i_1/O to disable the timing loop
Related violations: <none>

TIMING-23#74 Warning
Combinational loop found  
A timing loop has been detected on a combinational path. A timing arc has been disabled between inst/l_ro_inst[50].ro_i/node_inferred_i_1/I0 and inst/l_ro_inst[50].ro_i/node_inferred_i_1/O to disable the timing loop
Related violations: <none>

TIMING-23#75 Warning
Combinational loop found  
A timing loop has been detected on a combinational path. A timing arc has been disabled between inst/l_ro_inst[51].ro_i/node_inferred_i_1/I0 and inst/l_ro_inst[51].ro_i/node_inferred_i_1/O to disable the timing loop
Related violations: <none>

TIMING-23#76 Warning
Combinational loop found  
A timing loop has been detected on a combinational path. A timing arc has been disabled between inst/l_ro_inst[52].ro_i/node_inferred_i_1/I0 and inst/l_ro_inst[52].ro_i/node_inferred_i_1/O to disable the timing loop
Related violations: <none>

TIMING-23#77 Warning
Combinational loop found  
A timing loop has been detected on a combinational path. A timing arc has been disabled between inst/l_ro_inst[53].ro_i/node_inferred_i_1/I0 and inst/l_ro_inst[53].ro_i/node_inferred_i_1/O to disable the timing loop
Related violations: <none>

TIMING-23#78 Warning
Combinational loop found  
A timing loop has been detected on a combinational path. A timing arc has been disabled between inst/l_ro_inst[54].ro_i/node_inferred_i_1/I0 and inst/l_ro_inst[54].ro_i/node_inferred_i_1/O to disable the timing loop
Related violations: <none>

TIMING-23#79 Warning
Combinational loop found  
A timing loop has been detected on a combinational path. A timing arc has been disabled between inst/l_ro_inst[55].ro_i/node_inferred_i_1/I0 and inst/l_ro_inst[55].ro_i/node_inferred_i_1/O to disable the timing loop
Related violations: <none>

TIMING-23#80 Warning
Combinational loop found  
A timing loop has been detected on a combinational path. A timing arc has been disabled between inst/l_ro_inst[56].ro_i/node_inferred_i_1/I0 and inst/l_ro_inst[56].ro_i/node_inferred_i_1/O to disable the timing loop
Related violations: <none>

TIMING-23#81 Warning
Combinational loop found  
A timing loop has been detected on a combinational path. A timing arc has been disabled between inst/l_ro_inst[57].ro_i/node_inferred_i_1/I0 and inst/l_ro_inst[57].ro_i/node_inferred_i_1/O to disable the timing loop
Related violations: <none>

TIMING-23#82 Warning
Combinational loop found  
A timing loop has been detected on a combinational path. A timing arc has been disabled between inst/l_ro_inst[58].ro_i/node_inferred_i_1/I0 and inst/l_ro_inst[58].ro_i/node_inferred_i_1/O to disable the timing loop
Related violations: <none>

TIMING-23#83 Warning
Combinational loop found  
A timing loop has been detected on a combinational path. A timing arc has been disabled between inst/l_ro_inst[59].ro_i/node_inferred_i_1/I0 and inst/l_ro_inst[59].ro_i/node_inferred_i_1/O to disable the timing loop
Related violations: <none>

TIMING-23#84 Warning
Combinational loop found  
A timing loop has been detected on a combinational path. A timing arc has been disabled between inst/l_ro_inst[5].ro_i/node_inferred_i_1/I0 and inst/l_ro_inst[5].ro_i/node_inferred_i_1/O to disable the timing loop
Related violations: <none>

TIMING-23#85 Warning
Combinational loop found  
A timing loop has been detected on a combinational path. A timing arc has been disabled between inst/l_ro_inst[60].ro_i/node_inferred_i_1/I0 and inst/l_ro_inst[60].ro_i/node_inferred_i_1/O to disable the timing loop
Related violations: <none>

TIMING-23#86 Warning
Combinational loop found  
A timing loop has been detected on a combinational path. A timing arc has been disabled between inst/l_ro_inst[61].ro_i/node_inferred_i_1/I0 and inst/l_ro_inst[61].ro_i/node_inferred_i_1/O to disable the timing loop
Related violations: <none>

TIMING-23#87 Warning
Combinational loop found  
A timing loop has been detected on a combinational path. A timing arc has been disabled between inst/l_ro_inst[62].ro_i/node_inferred_i_1/I0 and inst/l_ro_inst[62].ro_i/node_inferred_i_1/O to disable the timing loop
Related violations: <none>

TIMING-23#88 Warning
Combinational loop found  
A timing loop has been detected on a combinational path. A timing arc has been disabled between inst/l_ro_inst[63].ro_i/node_inferred_i_1/I0 and inst/l_ro_inst[63].ro_i/node_inferred_i_1/O to disable the timing loop
Related violations: <none>

TIMING-23#89 Warning
Combinational loop found  
A timing loop has been detected on a combinational path. A timing arc has been disabled between inst/l_ro_inst[64].ro_i/node_inferred_i_1/I0 and inst/l_ro_inst[64].ro_i/node_inferred_i_1/O to disable the timing loop
Related violations: <none>

TIMING-23#90 Warning
Combinational loop found  
A timing loop has been detected on a combinational path. A timing arc has been disabled between inst/l_ro_inst[65].ro_i/node_inferred_i_1/I0 and inst/l_ro_inst[65].ro_i/node_inferred_i_1/O to disable the timing loop
Related violations: <none>

TIMING-23#91 Warning
Combinational loop found  
A timing loop has been detected on a combinational path. A timing arc has been disabled between inst/l_ro_inst[66].ro_i/node_inferred_i_1/I0 and inst/l_ro_inst[66].ro_i/node_inferred_i_1/O to disable the timing loop
Related violations: <none>

TIMING-23#92 Warning
Combinational loop found  
A timing loop has been detected on a combinational path. A timing arc has been disabled between inst/l_ro_inst[67].ro_i/node_inferred_i_1/I0 and inst/l_ro_inst[67].ro_i/node_inferred_i_1/O to disable the timing loop
Related violations: <none>

TIMING-23#93 Warning
Combinational loop found  
A timing loop has been detected on a combinational path. A timing arc has been disabled between inst/l_ro_inst[68].ro_i/node_inferred_i_1/I0 and inst/l_ro_inst[68].ro_i/node_inferred_i_1/O to disable the timing loop
Related violations: <none>

TIMING-23#94 Warning
Combinational loop found  
A timing loop has been detected on a combinational path. A timing arc has been disabled between inst/l_ro_inst[69].ro_i/node_inferred_i_1/I0 and inst/l_ro_inst[69].ro_i/node_inferred_i_1/O to disable the timing loop
Related violations: <none>

TIMING-23#95 Warning
Combinational loop found  
A timing loop has been detected on a combinational path. A timing arc has been disabled between inst/l_ro_inst[6].ro_i/node_inferred_i_1/I0 and inst/l_ro_inst[6].ro_i/node_inferred_i_1/O to disable the timing loop
Related violations: <none>

TIMING-23#96 Warning
Combinational loop found  
A timing loop has been detected on a combinational path. A timing arc has been disabled between inst/l_ro_inst[70].ro_i/node_inferred_i_1/I0 and inst/l_ro_inst[70].ro_i/node_inferred_i_1/O to disable the timing loop
Related violations: <none>

TIMING-23#97 Warning
Combinational loop found  
A timing loop has been detected on a combinational path. A timing arc has been disabled between inst/l_ro_inst[71].ro_i/node_inferred_i_1/I0 and inst/l_ro_inst[71].ro_i/node_inferred_i_1/O to disable the timing loop
Related violations: <none>

TIMING-23#98 Warning
Combinational loop found  
A timing loop has been detected on a combinational path. A timing arc has been disabled between inst/l_ro_inst[72].ro_i/node_inferred_i_1/I0 and inst/l_ro_inst[72].ro_i/node_inferred_i_1/O to disable the timing loop
Related violations: <none>

TIMING-23#99 Warning
Combinational loop found  
A timing loop has been detected on a combinational path. A timing arc has been disabled between inst/l_ro_inst[73].ro_i/node_inferred_i_1/I0 and inst/l_ro_inst[73].ro_i/node_inferred_i_1/O to disable the timing loop
Related violations: <none>

TIMING-23#100 Warning
Combinational loop found  
A timing loop has been detected on a combinational path. A timing arc has been disabled between inst/l_ro_inst[74].ro_i/node_inferred_i_1/I0 and inst/l_ro_inst[74].ro_i/node_inferred_i_1/O to disable the timing loop
Related violations: <none>

TIMING-23#101 Warning
Combinational loop found  
A timing loop has been detected on a combinational path. A timing arc has been disabled between inst/l_ro_inst[75].ro_i/node_inferred_i_1/I0 and inst/l_ro_inst[75].ro_i/node_inferred_i_1/O to disable the timing loop
Related violations: <none>

TIMING-23#102 Warning
Combinational loop found  
A timing loop has been detected on a combinational path. A timing arc has been disabled between inst/l_ro_inst[76].ro_i/node_inferred_i_1/I0 and inst/l_ro_inst[76].ro_i/node_inferred_i_1/O to disable the timing loop
Related violations: <none>

TIMING-23#103 Warning
Combinational loop found  
A timing loop has been detected on a combinational path. A timing arc has been disabled between inst/l_ro_inst[77].ro_i/node_inferred_i_1/I0 and inst/l_ro_inst[77].ro_i/node_inferred_i_1/O to disable the timing loop
Related violations: <none>

TIMING-23#104 Warning
Combinational loop found  
A timing loop has been detected on a combinational path. A timing arc has been disabled between inst/l_ro_inst[78].ro_i/node_inferred_i_1/I0 and inst/l_ro_inst[78].ro_i/node_inferred_i_1/O to disable the timing loop
Related violations: <none>

TIMING-23#105 Warning
Combinational loop found  
A timing loop has been detected on a combinational path. A timing arc has been disabled between inst/l_ro_inst[79].ro_i/node_inferred_i_1/I0 and inst/l_ro_inst[79].ro_i/node_inferred_i_1/O to disable the timing loop
Related violations: <none>

TIMING-23#106 Warning
Combinational loop found  
A timing loop has been detected on a combinational path. A timing arc has been disabled between inst/l_ro_inst[7].ro_i/node_inferred_i_1/I0 and inst/l_ro_inst[7].ro_i/node_inferred_i_1/O to disable the timing loop
Related violations: <none>

TIMING-23#107 Warning
Combinational loop found  
A timing loop has been detected on a combinational path. A timing arc has been disabled between inst/l_ro_inst[80].ro_i/node_inferred_i_1/I0 and inst/l_ro_inst[80].ro_i/node_inferred_i_1/O to disable the timing loop
Related violations: <none>

TIMING-23#108 Warning
Combinational loop found  
A timing loop has been detected on a combinational path. A timing arc has been disabled between inst/l_ro_inst[81].ro_i/node_inferred_i_1/I0 and inst/l_ro_inst[81].ro_i/node_inferred_i_1/O to disable the timing loop
Related violations: <none>

TIMING-23#109 Warning
Combinational loop found  
A timing loop has been detected on a combinational path. A timing arc has been disabled between inst/l_ro_inst[82].ro_i/node_inferred_i_1/I0 and inst/l_ro_inst[82].ro_i/node_inferred_i_1/O to disable the timing loop
Related violations: <none>

TIMING-23#110 Warning
Combinational loop found  
A timing loop has been detected on a combinational path. A timing arc has been disabled between inst/l_ro_inst[83].ro_i/node_inferred_i_1/I0 and inst/l_ro_inst[83].ro_i/node_inferred_i_1/O to disable the timing loop
Related violations: <none>

TIMING-23#111 Warning
Combinational loop found  
A timing loop has been detected on a combinational path. A timing arc has been disabled between inst/l_ro_inst[84].ro_i/node_inferred_i_1/I0 and inst/l_ro_inst[84].ro_i/node_inferred_i_1/O to disable the timing loop
Related violations: <none>

TIMING-23#112 Warning
Combinational loop found  
A timing loop has been detected on a combinational path. A timing arc has been disabled between inst/l_ro_inst[85].ro_i/node_inferred_i_1/I0 and inst/l_ro_inst[85].ro_i/node_inferred_i_1/O to disable the timing loop
Related violations: <none>

TIMING-23#113 Warning
Combinational loop found  
A timing loop has been detected on a combinational path. A timing arc has been disabled between inst/l_ro_inst[86].ro_i/node_inferred_i_1/I0 and inst/l_ro_inst[86].ro_i/node_inferred_i_1/O to disable the timing loop
Related violations: <none>

TIMING-23#114 Warning
Combinational loop found  
A timing loop has been detected on a combinational path. A timing arc has been disabled between inst/l_ro_inst[87].ro_i/node_inferred_i_1/I0 and inst/l_ro_inst[87].ro_i/node_inferred_i_1/O to disable the timing loop
Related violations: <none>

TIMING-23#115 Warning
Combinational loop found  
A timing loop has been detected on a combinational path. A timing arc has been disabled between inst/l_ro_inst[88].ro_i/node_inferred_i_1/I0 and inst/l_ro_inst[88].ro_i/node_inferred_i_1/O to disable the timing loop
Related violations: <none>

TIMING-23#116 Warning
Combinational loop found  
A timing loop has been detected on a combinational path. A timing arc has been disabled between inst/l_ro_inst[89].ro_i/node_inferred_i_1/I0 and inst/l_ro_inst[89].ro_i/node_inferred_i_1/O to disable the timing loop
Related violations: <none>

TIMING-23#117 Warning
Combinational loop found  
A timing loop has been detected on a combinational path. A timing arc has been disabled between inst/l_ro_inst[8].ro_i/node_inferred_i_1/I0 and inst/l_ro_inst[8].ro_i/node_inferred_i_1/O to disable the timing loop
Related violations: <none>

TIMING-23#118 Warning
Combinational loop found  
A timing loop has been detected on a combinational path. A timing arc has been disabled between inst/l_ro_inst[90].ro_i/node_inferred_i_1/I0 and inst/l_ro_inst[90].ro_i/node_inferred_i_1/O to disable the timing loop
Related violations: <none>

TIMING-23#119 Warning
Combinational loop found  
A timing loop has been detected on a combinational path. A timing arc has been disabled between inst/l_ro_inst[91].ro_i/node_inferred_i_1/I0 and inst/l_ro_inst[91].ro_i/node_inferred_i_1/O to disable the timing loop
Related violations: <none>

TIMING-23#120 Warning
Combinational loop found  
A timing loop has been detected on a combinational path. A timing arc has been disabled between inst/l_ro_inst[92].ro_i/node_inferred_i_1/I0 and inst/l_ro_inst[92].ro_i/node_inferred_i_1/O to disable the timing loop
Related violations: <none>

TIMING-23#121 Warning
Combinational loop found  
A timing loop has been detected on a combinational path. A timing arc has been disabled between inst/l_ro_inst[93].ro_i/node_inferred_i_1/I0 and inst/l_ro_inst[93].ro_i/node_inferred_i_1/O to disable the timing loop
Related violations: <none>

TIMING-23#122 Warning
Combinational loop found  
A timing loop has been detected on a combinational path. A timing arc has been disabled between inst/l_ro_inst[94].ro_i/node_inferred_i_1/I0 and inst/l_ro_inst[94].ro_i/node_inferred_i_1/O to disable the timing loop
Related violations: <none>

TIMING-23#123 Warning
Combinational loop found  
A timing loop has been detected on a combinational path. A timing arc has been disabled between inst/l_ro_inst[95].ro_i/node_inferred_i_1/I0 and inst/l_ro_inst[95].ro_i/node_inferred_i_1/O to disable the timing loop
Related violations: <none>

TIMING-23#124 Warning
Combinational loop found  
A timing loop has been detected on a combinational path. A timing arc has been disabled between inst/l_ro_inst[96].ro_i/node_inferred_i_1/I0 and inst/l_ro_inst[96].ro_i/node_inferred_i_1/O to disable the timing loop
Related violations: <none>

TIMING-23#125 Warning
Combinational loop found  
A timing loop has been detected on a combinational path. A timing arc has been disabled between inst/l_ro_inst[97].ro_i/node_inferred_i_1/I0 and inst/l_ro_inst[97].ro_i/node_inferred_i_1/O to disable the timing loop
Related violations: <none>

TIMING-23#126 Warning
Combinational loop found  
A timing loop has been detected on a combinational path. A timing arc has been disabled between inst/l_ro_inst[98].ro_i/node_inferred_i_1/I0 and inst/l_ro_inst[98].ro_i/node_inferred_i_1/O to disable the timing loop
Related violations: <none>

TIMING-23#127 Warning
Combinational loop found  
A timing loop has been detected on a combinational path. A timing arc has been disabled between inst/l_ro_inst[99].ro_i/node_inferred_i_1/I0 and inst/l_ro_inst[99].ro_i/node_inferred_i_1/O to disable the timing loop
Related violations: <none>

TIMING-23#128 Warning
Combinational loop found  
A timing loop has been detected on a combinational path. A timing arc has been disabled between inst/l_ro_inst[9].ro_i/node_inferred_i_1/I0 and inst/l_ro_inst[9].ro_i/node_inferred_i_1/O to disable the timing loop
Related violations: <none>


