#-----------------------------------------------------------
# Vivado v2025.1 (64-bit)
# SW Build 6140274 on Thu May 22 00:12:29 MDT 2025
# IP Build 6138677 on Thu May 22 03:10:11 MDT 2025
# SharedData Build 6139179 on Tue May 20 17:58:58 MDT 2025
# Start of session at: Mon Dec  8 17:14:51 2025
# Process ID         : 7864
# Current directory  : D:/Github/Weak-RoPUF/Vivado/Vivado.runs/impl_1
# Command line       : vivado.exe -log top_level.vdi -applog -product Vivado -messageDb vivado.pb -mode batch -source top_level.tcl -notrace
# Log file           : D:/Github/Weak-RoPUF/Vivado/Vivado.runs/impl_1/top_level.vdi
# Journal file       : D:/Github/Weak-RoPUF/Vivado/Vivado.runs/impl_1\vivado.jou
# Running On         : DESKTOP-VG1816S
# Platform           : Windows Server 2016 or Windows 10
# Operating System   : 22631
# Processor Detail   : AMD Ryzen 7 7800X3D 8-Core Processor           
# CPU Frequency      : 4200 MHz
# CPU Physical cores : 8
# CPU Logical cores  : 16
# Host memory        : 33482 MB
# Swap memory        : 2147 MB
# Total Virtual      : 35630 MB
# Available Virtual  : 17357 MB
#-----------------------------------------------------------
source top_level.tcl -notrace
