#-----------------------------------------------------------
# Vivado v2025.1 (64-bit)
# SW Build 6140274 on Thu May 22 00:12:29 MDT 2025
# IP Build 6138677 on Thu May 22 03:10:11 MDT 2025
# SharedData Build 6139179 on Tue May 20 17:58:58 MDT 2025
# Start of session at: Mon Dec  8 12:15:34 2025
# Process ID         : 6108
# Current directory  : D:/Github/Weak-RoPUF/Vivado
# Command line       : vivado.exe -gui_launcher_event rodinguilauncherevent3096 D:\Github\Weak-RoPUF\Vivado\Vivado.xpr
# Log file           : D:/Github/Weak-RoPUF/Vivado/vivado.log
# Journal file       : D:/Github/Weak-RoPUF/Vivado\vivado.jou
# Running On         : DESKTOP-VG1816S
# Platform           : Windows Server 2016 or Windows 10
# Operating System   : 22631
# Processor Detail   : AMD Ryzen 7 7800X3D 8-Core Processor           
# CPU Frequency      : 4200 MHz
# CPU Physical cores : 8
# CPU Logical cores  : 16
# Host memory        : 33482 MB
# Swap memory        : 2147 MB
# Total Virtual      : 35630 MB
# Available Virtual  : 23582 MB
#-----------------------------------------------------------
start_gui
open_project D:/Github/Weak-RoPUF/Vivado/Vivado.xpr
update_compile_order -fileset sources_1
reset_run synth_1
launch_runs synth_1 -jobs 8
wait_on_run synth_1
copy_run -name synth_1_copy_3 [get_runs synth_1] 
set_property part xc7s50csga324-2 [current_project]
reset_run synth_1
launch_runs synth_1 -jobs 8
wait_on_run synth_1
copy_run -name synth_1_copy_4 [get_runs synth_1] 
set_property part xc7s50csga324-1 [current_project]
reset_run synth_1
launch_runs synth_1 -jobs 8
wait_on_run synth_1
launch_runs impl_1 -jobs 8
wait_on_run impl_1
reset_run synth_1
launch_runs synth_1 -jobs 8
wait_on_run synth_1
launch_runs impl_1 -jobs 8
wait_on_run impl_1
launch_runs impl_1 -to_step write_bitstream -jobs 8
wait_on_run impl_1
reset_run synth_1
launch_runs synth_1 -jobs 8
wait_on_run synth_1
launch_runs impl_1 -jobs 8
wait_on_run impl_1
launch_runs impl_1 -to_step write_bitstream -jobs 8
wait_on_run impl_1
open_hw_manager
connect_hw_server -allow_non_jtag
disconnect_hw_server localhost:3121
connect_hw_server -allow_non_jtag
